../Src/main.c:101:13:delay_us	2
../Src/main.c:109:13:delay_ms	2
../Src/main.c:116:13:USART2_Init	1
../Src/main.c:136:13:UART_SendString	4
../Src/main.c:147:16:UART_TryReceive	2
../Src/main.c:156:13:UART_DebounceFlush	3
../Src/main.c:171:20:Flash_StatusText	8
../Src/main.c:185:13:Print_FlashStatus	1
../Src/main.c:193:22:Flash_WaitReady	3
../Src/main.c:205:22:Flash_Unlock	3
../Src/main.c:214:13:Flash_Lock	1
../Src/main.c:219:13:Flash_ClearStatus	1
../Src/main.c:225:22:Flash_CheckControllerStatus	2
../Src/main.c:230:16:Flash_IsAllowedWordAddress	4
../Src/main.c:237:22:Flash_EraseSector	6
../Src/main.c:285:22:Flash_WriteWord	7
../Src/main.c:336:17:Flash_ReadWord	1
../Src/main.c:341:16:Flash_BlockMatches	3
../Src/main.c:353:22:Flash_WriteBlockMarkerLast	7
../Src/main.c:381:22:Flash_SelfTest	7
../Src/main.c:409:22:Provision_Identity	4
../Src/main.c:436:13:Load_Identity	2
../Src/main.c:445:13:Display_Identity	3
../Src/main.c:471:22:Save_Results	3
../Src/main.c:491:13:Load_Results	2
../Src/main.c:500:13:Print_mV	1
../Src/main.c:510:13:Display_Results	3
../Src/main.c:530:22:Run_FlashOnlyResultsDemo	1
../Src/main.c:548:5:main	3
