../Src/main.c:101:13:delay_us	24	static,ignoring_inline_asm
../Src/main.c:109:13:delay_ms	16	static
../Src/main.c:116:13:USART2_Init	4	static
../Src/main.c:136:13:UART_SendString	16	static
../Src/main.c:147:16:UART_TryReceive	16	static
../Src/main.c:156:13:UART_DebounceFlush	16	static
../Src/main.c:171:20:Flash_StatusText	16	static
../Src/main.c:185:13:Print_FlashStatus	16	static
../Src/main.c:193:22:Flash_WaitReady	16	static
../Src/main.c:205:22:Flash_Unlock	4	static
../Src/main.c:214:13:Flash_Lock	4	static
../Src/main.c:219:13:Flash_ClearStatus	4	static
../Src/main.c:225:22:Flash_CheckControllerStatus	4	static
../Src/main.c:230:16:Flash_IsAllowedWordAddress	16	static
../Src/main.c:237:22:Flash_EraseSector	24	static,ignoring_inline_asm
../Src/main.c:285:22:Flash_WriteWord	24	static,ignoring_inline_asm
../Src/main.c:336:17:Flash_ReadWord	16	static
../Src/main.c:341:16:Flash_BlockMatches	32	static
../Src/main.c:353:22:Flash_WriteBlockMarkerLast	32	static
../Src/main.c:381:22:Flash_SelfTest	16	static
../Src/main.c:409:22:Provision_Identity	16	static
../Src/main.c:436:13:Load_Identity	24	static
../Src/main.c:445:13:Display_Identity	168	static
../Src/main.c:471:22:Save_Results	24	static
../Src/main.c:491:13:Load_Results	24	static
../Src/main.c:500:13:Print_mV	88	static
../Src/main.c:510:13:Display_Results	32	static
../Src/main.c:530:22:Run_FlashOnlyResultsDemo	32	static
../Src/main.c:548:5:main	16	static
