/Users/md.jahidulislam/STM32CubeIDE/Assignment 3/PartB_BareMetal/CMSIS/Include/core_cm4.h:1684:22:__NVIC_EnableIRQ	16	static,ignoring_inline_asm
/Users/md.jahidulislam/STM32CubeIDE/Assignment 3/PartB_BareMetal/CMSIS/Include/core_cm4.h:1814:22:__NVIC_SetPriority	16	static
../Src/main.c:63:13:delay_us	24	static,ignoring_inline_asm
../Src/main.c:67:13:delay_ms	16	static
../Src/main.c:71:13:Clock_Phase1_HSI	4	static
../Src/main.c:78:13:Clock_Phase2_PLL180	4	static
../Src/main.c:104:13:USART2_Init	4	static
../Src/main.c:116:13:USART2_SendString	16	static
../Src/main.c:124:13:TIM6_Init	8	static
../Src/main.c:134:13:I2C1_Init	16	static
../Src/main.c:172:16:I2C_Ping	24	static
../Src/main.c:205:13:BMP280_WriteReg	24	static
../Src/main.c:227:16:BMP280_ReadReg	24	static
../Src/main.c:265:13:BMP280_BurstRead	24	static
../Src/main.c:305:13:BMP280_ReadCalibration	32	static
../Src/main.c:322:16:BMP280_Compensate_T	32	static
../Src/main.c:331:17:BMP280_Compensate_P	336	static
../Src/main.c:348:13:SampleAndCompensate	24	static
../Src/main.c:357:16:BMP280_Init	16	static
../Src/main.c:378:13:RunVerificationTests	144	static
../Src/main.c:431:5:main	296	static,ignoring_inline_asm
../Src/main.c:501:6:TIM6_DAC_IRQHandler	224	static
