../Core/Src/main.c:128:13:UART_SendString	1
../Core/Src/main.c:136:20:FlashApp_StatusText	6
../Core/Src/main.c:148:13:Print_FlashStatus	2
../Core/Src/main.c:163:16:Flash_IsAllowedWordAddress	4
../Core/Src/main.c:170:17:Flash_ReadWord_HAL	1
../Core/Src/main.c:175:25:Flash_EraseSector_HAL	7
../Core/Src/main.c:218:25:Flash_WriteWord_HAL	6
../Core/Src/main.c:253:16:Flash_BlockMatches_HAL	3
../Core/Src/main.c:265:25:Flash_WriteBlockMarkerLast_HAL	7
../Core/Src/main.c:293:25:Flash_SelfTest_HAL	7
../Core/Src/main.c:321:25:Provision_Identity_HAL	4
../Core/Src/main.c:347:13:Load_Identity_HAL	2
../Core/Src/main.c:356:13:Display_Identity_HAL	3
../Core/Src/main.c:382:25:Save_Results_HAL	3
../Core/Src/main.c:402:13:Load_Results_HAL	2
../Core/Src/main.c:411:13:Print_mV	1
../Core/Src/main.c:421:13:Display_Results_HAL	3
../Core/Src/main.c:441:25:Run_FlashOnlyResultsDemo_HAL	1
../Core/Src/main.c:459:13:UART_DebounceFlush	3
../Core/Src/main.c:472:5:main	3
../Core/Src/main.c:535:6:SystemClock_Config	3
../Core/Src/main.c:563:13:MX_USART2_UART_Init	2
../Core/Src/main.c:592:13:MX_GPIO_Init	1
../Core/Src/main.c:597:6:Error_Handler	1
