../Core/Src/main.c:118:6:USART2_SendString	16	static
../Core/Src/main.c:123:6:BMP280_WriteReg	32	static
../Core/Src/main.c:136:9:BMP280_ReadReg	40	static
../Core/Src/main.c:153:6:BMP280_BurstRead	32	static
../Core/Src/main.c:166:6:BMP280_ReadCalibration	32	static
../Core/Src/main.c:187:9:BMP280_Compensate_T	32	static
../Core/Src/main.c:205:10:BMP280_Compensate_P	328	static
../Core/Src/main.c:236:6:SampleAndCompensate	24	static
../Core/Src/main.c:256:9:BMP280_Init	16	static
../Core/Src/main.c:281:6:RunVerificationTests	160	static
../Core/Src/main.c:333:5:main	280	static
../Core/Src/main.c:466:6:SystemClock_Config	88	static
../Core/Src/main.c:521:13:MX_I2C1_Init	8	static
../Core/Src/main.c:555:13:MX_TIM6_Init	16	static
../Core/Src/main.c:593:13:MX_USART2_UART_Init	8	static
../Core/Src/main.c:626:13:MX_GPIO_Init	16	static
../Core/Src/main.c:642:6:HAL_TIM_PeriodElapsedCallback	232	static
../Core/Src/main.c:691:6:Error_Handler	4	static,ignoring_inline_asm
