2026-08-28 20:36:49,569 [INFO] Activator:176 - 


2026-08-28 20:36:49,570 [INFO] Activator:177 - !SESSION log4j initialized
2026-08-28 20:36:51,083 [INFO] LogOutputStream:77 - [STDOUT_REDIRECT] 
2026-08-28 20:36:51,312 [INFO] LogOutputStream:77 - [STDOUT_REDIRECT] Start the detection of the machine's architecture
2026-08-28 20:36:51,317 [INFO] LogOutputStream:77 - [STDOUT_REDIRECT] use arm architecture
2026-08-28 20:36:51,318 [INFO] LogOutputStream:77 - [STDOUT_REDIRECT] Architecture: Apple Silicon (ARM64)
2026-08-28 20:39:04,851 [ERROR] LogOutputStream:75 - [STDERR_REDIRECT] 
2026-08-28 20:47:56,025 [INFO] Activator:176 - 


2026-08-28 20:47:56,026 [INFO] Activator:177 - !SESSION log4j initialized
2026-08-28 20:47:58,803 [INFO] LogOutputStream:77 - [STDOUT_REDIRECT] 
2026-08-28 20:47:58,911 [INFO] LogOutputStream:77 - [STDOUT_REDIRECT] Start the detection of the machine's architecture
2026-08-28 20:47:58,919 [INFO] LogOutputStream:77 - [STDOUT_REDIRECT] use arm architecture
2026-08-28 20:47:58,919 [INFO] LogOutputStream:77 - [STDOUT_REDIRECT] Architecture: Apple Silicon (ARM64)
2026-08-28 20:48:44,894 [ERROR] LogOutputStream:75 - [STDERR_REDIRECT] 
2026-08-28 20:49:42,356 [INFO] Activator:176 - 


2026-08-28 20:49:42,357 [INFO] Activator:177 - !SESSION log4j initialized
2026-08-28 20:49:44,765 [INFO] LogOutputStream:77 - [STDOUT_REDIRECT] 
2026-08-28 20:49:44,868 [INFO] LogOutputStream:77 - [STDOUT_REDIRECT] Start the detection of the machine's architecture
2026-08-28 20:49:44,874 [INFO] LogOutputStream:77 - [STDOUT_REDIRECT] use arm architecture
2026-08-28 20:49:44,874 [INFO] LogOutputStream:77 - [STDOUT_REDIRECT] Architecture: Apple Silicon (ARM64)
2026-08-28 20:50:35,231 [ERROR] LogOutputStream:75 - [STDERR_REDIRECT] 
