../Core/Src/main.c:78:13:USART2_SendString	16	static
../Core/Src/main.c:86:13:delay_us	16	static
../Core/Src/main.c:92:13:delay_ms	24	static
../Core/Src/main.c:100:13:DWT_Init	4	static
../Core/Src/main.c:128:18:profile_block	40	static
../Core/Src/main.c:150:13:print_row	280	static
../Core/Src/main.c:193:13:block_bubble_sort	32	static
../Core/Src/main.c:211:13:fill_reverse	16	static
../Core/Src/main.c:220:13:block_delay_ms100	16	static
../Core/Src/main.c:229:13:block_send_string	16	static
../Core/Src/main.c:238:17:isqrt_nr	24	static
../Core/Src/main.c:253:13:block_sqrt_1000	24	static
../Core/Src/main.c:266:13:block_memcpy512	24	static
../Core/Src/main.c:279:5:main	152	static
../Core/Src/main.c:398:6:SystemClock_Config	88	static
../Core/Src/main.c:453:13:MX_TIM2_Init	32	static
../Core/Src/main.c:498:13:MX_TIM6_Init	16	static
../Core/Src/main.c:536:13:MX_USART2_UART_Init	8	static
../Core/Src/main.c:569:13:MX_GPIO_Init	40	static
../Core/Src/main.c:603:6:Error_Handler	4	static,ignoring_inline_asm
