../Core/Src/main.c:78:13:USART2_SendString	1
../Core/Src/main.c:86:13:delay_us	2
../Core/Src/main.c:92:13:delay_ms	2
../Core/Src/main.c:100:13:DWT_Init	1
../Core/Src/main.c:128:18:profile_block	1
../Core/Src/main.c:150:13:print_row	1
../Core/Src/main.c:193:13:block_bubble_sort	4
../Core/Src/main.c:211:13:fill_reverse	2
../Core/Src/main.c:220:13:block_delay_ms100	1
../Core/Src/main.c:229:13:block_send_string	1
../Core/Src/main.c:238:17:isqrt_nr	3
../Core/Src/main.c:253:13:block_sqrt_1000	2
../Core/Src/main.c:266:13:block_memcpy512	2
../Core/Src/main.c:279:5:main	3
../Core/Src/main.c:398:6:SystemClock_Config	4
../Core/Src/main.c:453:13:MX_TIM2_Init	4
../Core/Src/main.c:498:13:MX_TIM6_Init	3
../Core/Src/main.c:536:13:MX_USART2_UART_Init	2
../Core/Src/main.c:569:13:MX_GPIO_Init	1
../Core/Src/main.c:603:6:Error_Handler	1
