../Core/Src/main.c:57:6:delay_ms	24	static
../Core/Src/main.c:62:6:PlayNote	16	static
../Core/Src/main.c:81:6:REST	16	static
../Core/Src/main.c:86:6:HAL_TIM_PeriodElapsedCallback	16	static
../Core/Src/main.c:92:5:main	136	static
../Core/Src/main.c:138:6:SystemClock_Config	88	static
../Core/Src/main.c:162:13:MX_TIM2_Init	8	static
../Core/Src/main.c:173:13:MX_TIM4_Init	64	static
../Core/Src/main.c:205:13:MX_USART2_UART_Init	8	static
../Core/Src/main.c:212:13:MX_GPIO_Init	16	static
../Core/Src/main.c:217:6:Error_Handler	4	static,ignoring_inline_asm
