23:33:37 **** Incremental Build of configuration Debug for project Lab04_Flash_HAL ****
make -j9 all 
arm-none-eabi-gcc -o "Lab04_Flash_HAL.elf" @"objects.list"   -mcpu=cortex-m4 -T"/Users/md.jahidulislam/STM32CubeIDE/Assignment 4/Lab04_Flash_HAL/STM32F446RETX_FLASH.ld" --specs=nosys.specs -Wl,-Map="Lab04_Flash_HAL.map" -Wl,--gc-sections -static --specs=nano.specs -mfpu=fpv4-sp-d16 -mfloat-abi=hard -mthumb -Wl,--start-group -lc -lm -Wl,--end-group
Finished building target: Lab04_Flash_HAL.elf
 
arm-none-eabi-size  Lab04_Flash_HAL.elf 
arm-none-eabi-objdump -h -S Lab04_Flash_HAL.elf  > "Lab04_Flash_HAL.list"
   text	   data	    bss	    dec	    hex	filename
  15656	    124	   1980	  17760	   4560	Lab04_Flash_HAL.elf
Finished building: default.size.stdout
 
Finished building: Lab04_Flash_HAL.list
 
