13:13:18 **** Incremental Build of configuration Debug for project Lab04_ADC_Flash_BareMetal ****
make -j9 all 
arm-none-eabi-gcc "../Src/main.c" -mcpu=cortex-m4 -std=gnu11 -g3 -DDEBUG -DSTM32 -DSTM32F4 -DSTM32F446RETx -c -I../Inc -I"/Users/md.jahidulislam/STM32CubeIDE/Assignment 4/Lab04_ADC_Flash_BareMetal/CMSIS/Include" -I"/Users/md.jahidulislam/STM32CubeIDE/Assignment 4/Lab04_ADC_Flash_BareMetal/CMSIS/Device/ST/STM32F4xx/Include" -O0 -ffunction-sections -fdata-sections -Wall -fstack-usage -fcyclomatic-complexity -MMD -MP -MF"Src/main.d" -MT"Src/main.o" --specs=nano.specs -mfpu=fpv4-sp-d16 -mfloat-abi=hard -mthumb -o "Src/main.o"
../Src/main.c:257:13: warning: 'Flash_ProvisionIdentity' defined but not used [-Wunused-function]
  257 | static void Flash_ProvisionIdentity(void) {
      |             ^~~~~~~~~~~~~~~~~~~~~~~
../Src/main.c:243:16: warning: 'Flash_SelfTest' defined but not used [-Wunused-function]
  243 | static uint8_t Flash_SelfTest(void) {
      |                ^~~~~~~~~~~~~~
arm-none-eabi-gcc -o "Lab04_ADC_Flash_BareMetal.elf" @"objects.list"   -mcpu=cortex-m4 -T"/Users/md.jahidulislam/STM32CubeIDE/Assignment 4/Lab04_ADC_Flash_BareMetal/STM32F446RETX_FLASH.ld" --specs=nosys.specs -Wl,-Map="Lab04_ADC_Flash_BareMetal.map" -Wl,--gc-sections -static --specs=nano.specs -mfpu=fpv4-sp-d16 -mfloat-abi=hard -mthumb -Wl,--start-group -lc -lm -Wl,--end-group
Finished building target: Lab04_ADC_Flash_BareMetal.elf
 
arm-none-eabi-size  Lab04_ADC_Flash_BareMetal.elf 
arm-none-eabi-objdump -h -S Lab04_ADC_Flash_BareMetal.elf  > "Lab04_ADC_Flash_BareMetal.list"
   text	   data	    bss	    dec	    hex	filename
   6256	     84	   1900	   8240	   2030	Lab04_ADC_Flash_BareMetal.elf
Finished building: default.size.stdout
 
Finished building: Lab04_ADC_Flash_BareMetal.list
 

13:13:18 Build Finished. 0 errors, 2 warnings. (took 368ms)

