2026-04-25 15:20:28,299 [INFO] Activator:176 - 


2026-04-25 15:20:28,301 [INFO] Activator:177 - !SESSION log4j initialized
2026-04-25 15:20:31,195 [INFO] LogOutputStream:77 - [STDOUT_REDIRECT] 
2026-04-25 15:20:31,440 [INFO] LogOutputStream:77 - [STDOUT_REDIRECT] Start the detection of the machine's architecture
2026-04-25 15:20:31,453 [INFO] LogOutputStream:77 - [STDOUT_REDIRECT] use arm architecture
2026-04-25 15:20:31,453 [INFO] LogOutputStream:77 - [STDOUT_REDIRECT] Architecture: Apple Silicon (ARM64)
2026-04-25 15:23:51,563 [ERROR] LogOutputStream:75 - [STDERR_REDIRECT] 
2026-04-25 15:55:16,599 [INFO] Activator:176 - 


2026-04-25 15:55:16,600 [INFO] Activator:177 - !SESSION log4j initialized
2026-04-25 15:55:19,568 [INFO] LogOutputStream:77 - [STDOUT_REDIRECT] 
2026-04-25 15:55:19,737 [INFO] LogOutputStream:77 - [STDOUT_REDIRECT] Start the detection of the machine's architecture
2026-04-25 15:55:19,747 [INFO] LogOutputStream:77 - [STDOUT_REDIRECT] use arm architecture
2026-04-25 15:55:19,747 [INFO] LogOutputStream:77 - [STDOUT_REDIRECT] Architecture: Apple Silicon (ARM64)
2026-04-25 15:55:37,496 [ERROR] LogOutputStream:75 - [STDERR_REDIRECT] 
2026-04-25 15:56:23,037 [INFO] Activator:176 - 


2026-04-25 15:56:23,038 [INFO] Activator:177 - !SESSION log4j initialized
2026-04-25 15:56:25,747 [INFO] LogOutputStream:77 - [STDOUT_REDIRECT] 
2026-04-25 15:56:25,840 [INFO] LogOutputStream:77 - [STDOUT_REDIRECT] Start the detection of the machine's architecture
2026-04-25 15:56:25,850 [INFO] LogOutputStream:77 - [STDOUT_REDIRECT] use arm architecture
2026-04-25 15:56:25,850 [INFO] LogOutputStream:77 - [STDOUT_REDIRECT] Architecture: Apple Silicon (ARM64)
2026-04-25 16:20:21,770 [ERROR] LogOutputStream:75 - [STDERR_REDIRECT] 
2026-04-25 16:42:02,181 [INFO] Activator:176 - 


2026-04-25 16:42:02,182 [INFO] Activator:177 - !SESSION log4j initialized
2026-04-25 16:42:05,415 [INFO] LogOutputStream:77 - [STDOUT_REDIRECT] 
2026-04-25 16:42:06,278 [INFO] LogOutputStream:77 - [STDOUT_REDIRECT] Start the detection of the machine's architecture
2026-04-25 16:42:06,288 [INFO] LogOutputStream:77 - [STDOUT_REDIRECT] use arm architecture
2026-04-25 16:42:06,288 [INFO] LogOutputStream:77 - [STDOUT_REDIRECT] Architecture: Apple Silicon (ARM64)
2026-04-25 16:47:36,847 [ERROR] LogOutputStream:75 - [STDERR_REDIRECT] 
2026-04-25 16:53:18,564 [INFO] Activator:176 - 


2026-04-25 16:53:18,565 [INFO] Activator:177 - !SESSION log4j initialized
2026-04-25 16:53:21,403 [INFO] LogOutputStream:77 - [STDOUT_REDIRECT] 
2026-04-25 16:53:21,500 [INFO] LogOutputStream:77 - [STDOUT_REDIRECT] Start the detection of the machine's architecture
2026-04-25 16:53:21,508 [INFO] LogOutputStream:77 - [STDOUT_REDIRECT] use arm architecture
2026-04-25 16:53:21,508 [INFO] LogOutputStream:77 - [STDOUT_REDIRECT] Architecture: Apple Silicon (ARM64)
2026-04-25 16:57:17,613 [ERROR] LogOutputStream:75 - [STDERR_REDIRECT] 
2026-04-25 18:13:12,370 [INFO] Activator:176 - 


2026-04-25 18:13:12,371 [INFO] Activator:177 - !SESSION log4j initialized
2026-04-25 18:13:15,597 [INFO] LogOutputStream:77 - [STDOUT_REDIRECT] 
2026-04-25 18:13:16,001 [INFO] LogOutputStream:77 - [STDOUT_REDIRECT] Start the detection of the machine's architecture
2026-04-25 18:13:16,010 [INFO] LogOutputStream:77 - [STDOUT_REDIRECT] use arm architecture
2026-04-25 18:13:16,010 [INFO] LogOutputStream:77 - [STDOUT_REDIRECT] Architecture: Apple Silicon (ARM64)
2026-04-25 18:22:10,472 [ERROR] LogOutputStream:75 - [STDERR_REDIRECT] 
