2026-04-22 19:01:35,431 [INFO] Activator:176 - 


2026-04-22 19:01:35,433 [INFO] Activator:177 - !SESSION log4j initialized
2026-04-22 19:01:38,860 [INFO] LogOutputStream:77 - [STDOUT_REDIRECT] 
2026-04-22 19:01:39,956 [INFO] LogOutputStream:77 - [STDOUT_REDIRECT] Start the detection of the machine's architecture
2026-04-22 19:01:39,970 [INFO] LogOutputStream:77 - [STDOUT_REDIRECT] use arm architecture
2026-04-22 19:01:39,970 [INFO] LogOutputStream:77 - [STDOUT_REDIRECT] Architecture: Apple Silicon (ARM64)
2026-04-22 19:03:51,946 [ERROR] LogOutputStream:75 - [STDERR_REDIRECT] 
2026-04-22 19:47:53,258 [INFO] Activator:176 - 


2026-04-22 19:47:53,259 [INFO] Activator:177 - !SESSION log4j initialized
2026-04-22 19:47:56,050 [INFO] LogOutputStream:77 - [STDOUT_REDIRECT] 
2026-04-22 19:47:56,279 [INFO] LogOutputStream:77 - [STDOUT_REDIRECT] Start the detection of the machine's architecture
2026-04-22 19:47:56,287 [INFO] LogOutputStream:77 - [STDOUT_REDIRECT] use arm architecture
2026-04-22 19:47:56,287 [INFO] LogOutputStream:77 - [STDOUT_REDIRECT] Architecture: Apple Silicon (ARM64)
2026-04-22 19:48:08,258 [ERROR] LogOutputStream:75 - [STDERR_REDIRECT] 
2026-04-22 19:55:17,698 [INFO] Activator:176 - 


2026-04-22 19:55:17,699 [INFO] Activator:177 - !SESSION log4j initialized
2026-04-22 19:55:20,614 [INFO] LogOutputStream:77 - [STDOUT_REDIRECT] 
2026-04-22 19:55:20,775 [INFO] LogOutputStream:77 - [STDOUT_REDIRECT] Start the detection of the machine's architecture
2026-04-22 19:55:20,787 [INFO] LogOutputStream:77 - [STDOUT_REDIRECT] use arm architecture
2026-04-22 19:55:20,787 [INFO] LogOutputStream:77 - [STDOUT_REDIRECT] Architecture: Apple Silicon (ARM64)
2026-04-22 19:56:54,685 [ERROR] LogOutputStream:75 - [STDERR_REDIRECT] 
2026-04-22 21:18:23,577 [INFO] Activator:176 - 


2026-04-22 21:18:23,578 [INFO] Activator:177 - !SESSION log4j initialized
2026-04-22 21:18:26,413 [INFO] LogOutputStream:77 - [STDOUT_REDIRECT] 
2026-04-22 21:18:26,628 [INFO] LogOutputStream:77 - [STDOUT_REDIRECT] Start the detection of the machine's architecture
2026-04-22 21:18:26,639 [INFO] LogOutputStream:77 - [STDOUT_REDIRECT] use arm architecture
2026-04-22 21:18:26,640 [INFO] LogOutputStream:77 - [STDOUT_REDIRECT] Architecture: Apple Silicon (ARM64)
2026-04-22 21:19:22,103 [ERROR] LogOutputStream:75 - [STDERR_REDIRECT] 
