2026-03-08 08:59:19,110 [INFO] Activator:176 - 


2026-03-08 08:59:19,113 [INFO] Activator:177 - !SESSION log4j initialized
2026-03-08 08:59:21,747 [INFO] LogOutputStream:77 - [STDOUT_REDIRECT] 
2026-03-08 08:59:21,854 [INFO] LogOutputStream:77 - [STDOUT_REDIRECT] Start the detection of the machine's architecture
2026-03-08 08:59:21,865 [INFO] LogOutputStream:77 - [STDOUT_REDIRECT] use arm architecture
2026-03-08 08:59:21,865 [INFO] LogOutputStream:77 - [STDOUT_REDIRECT] Architecture: Apple Silicon (ARM64)
2026-03-08 09:07:40,211 [ERROR] LogOutputStream:75 - [STDERR_REDIRECT] 
2026-03-08 11:27:21,809 [INFO] Activator:176 - 


2026-03-08 11:27:21,810 [INFO] Activator:177 - !SESSION log4j initialized
2026-03-08 11:27:24,576 [INFO] LogOutputStream:77 - [STDOUT_REDIRECT] 
2026-03-08 11:27:25,000 [INFO] LogOutputStream:77 - [STDOUT_REDIRECT] Start the detection of the machine's architecture
2026-03-08 11:27:25,011 [INFO] LogOutputStream:77 - [STDOUT_REDIRECT] use arm architecture
2026-03-08 11:27:25,011 [INFO] LogOutputStream:77 - [STDOUT_REDIRECT] Architecture: Apple Silicon (ARM64)
2026-03-08 11:28:19,364 [ERROR] LogOutputStream:75 - [STDERR_REDIRECT] 
2026-03-08 12:47:21,646 [ERROR] AdobePublisher:162 - Exception while opening the connection: java.net.SocketTimeoutException: Connect timed out
2026-03-08 12:47:21,648 [ERROR] AdobePublisher:162 - Exception while opening the connection: java.net.SocketTimeoutException: Connect timed out
2026-03-08 12:47:21,649 [ERROR] AdobePublisher:162 - Exception while opening the connection: java.net.SocketTimeoutException: Connect timed out
2026-03-08 12:47:21,649 [ERROR] AdobePublisher:162 - Exception while opening the connection: java.net.SocketTimeoutException: Connect timed out
2026-03-08 12:47:21,649 [ERROR] AdobePublisher:162 - Exception while opening the connection: java.net.SocketTimeoutException: Connect timed out
2026-03-08 13:12:18,685 [ERROR] ConfigurationRetriever:142 - IOException on connection: Read timed out
2026-03-08 13:49:05,970 [ERROR] ConfigurationRetriever:142 - IOException on connection: Read timed out
2026-03-08 13:49:20,275 [ERROR] AdobePublisher:162 - Exception while opening the connection: java.net.SocketTimeoutException: Read timed out
2026-03-08 13:49:20,275 [ERROR] AdobePublisher:162 - Exception while opening the connection: java.net.SocketTimeoutException: Read timed out
2026-03-08 13:49:20,276 [ERROR] AdobePublisher:162 - Exception while opening the connection: java.net.SocketTimeoutException: Read timed out
2026-03-08 13:49:20,276 [ERROR] AdobePublisher:162 - Exception while opening the connection: java.net.SocketTimeoutException: Read timed out
2026-03-08 13:49:20,276 [ERROR] AdobePublisher:162 - Exception while opening the connection: java.net.SocketTimeoutException: Read timed out
2026-03-08 13:51:17,291 [INFO] Activator:176 - 


2026-03-08 13:51:17,292 [INFO] Activator:177 - !SESSION log4j initialized
2026-03-08 13:51:20,093 [INFO] LogOutputStream:77 - [STDOUT_REDIRECT] 
2026-03-08 13:51:20,204 [INFO] LogOutputStream:77 - [STDOUT_REDIRECT] Start the detection of the machine's architecture
2026-03-08 13:51:20,210 [INFO] LogOutputStream:77 - [STDOUT_REDIRECT] use arm architecture
2026-03-08 13:51:20,210 [INFO] LogOutputStream:77 - [STDOUT_REDIRECT] Architecture: Apple Silicon (ARM64)
2026-03-08 14:16:46,715 [ERROR] LogOutputStream:75 - [STDERR_REDIRECT] 
2026-03-08 14:39:45,971 [INFO] Activator:176 - 


2026-03-08 14:39:45,972 [INFO] Activator:177 - !SESSION log4j initialized
2026-03-08 14:39:48,827 [INFO] LogOutputStream:77 - [STDOUT_REDIRECT] 
2026-03-08 14:39:49,085 [INFO] LogOutputStream:77 - [STDOUT_REDIRECT] Start the detection of the machine's architecture
2026-03-08 14:39:49,093 [INFO] LogOutputStream:77 - [STDOUT_REDIRECT] use arm architecture
2026-03-08 14:39:49,093 [INFO] LogOutputStream:77 - [STDOUT_REDIRECT] Architecture: Apple Silicon (ARM64)
2026-03-08 14:39:59,649 [ERROR] LogOutputStream:75 - [STDERR_REDIRECT] 
