/Users/md.jahidulislam/STM32CubeIDE/Assignment 2/Task_5_BareMetal/CMSIS/Include/core_cm4.h:1684:22:__NVIC_EnableIRQ	16	static,ignoring_inline_asm
/Users/md.jahidulislam/STM32CubeIDE/Assignment 2/Task_5_BareMetal/CMSIS/Include/core_cm4.h:1814:22:__NVIC_SetPriority	16	static
../Src/main.c:102:13:GPIO_WS_Init	4	static,ignoring_inline_asm
../Src/main.c:133:13:TIM1_WS_Init	4	static,ignoring_inline_asm
../Src/main.c:191:13:DMA2_WS_Init	8	static,ignoring_inline_asm
../Src/main.c:246:6:DMA2_Stream1_IRQHandler	4	static
../Src/main.c:287:13:WS2812B_Send	32	static
../Src/main.c:354:13:WS2812_SetAll	24	static
../Src/main.c:386:13:WS2812_SetHue	24	static
../Src/main.c:466:5:main	224	static
