19:04:49 **** Build of configuration Debug for project Project 1 (No HAL) ****
make -j9 all 
arm-none-eabi-gcc -mcpu=cortex-m4 -g3 -DDEBUG -c -I"/Users/md.jahidulislam/STM32CubeIDE/workspace_2.1.0/Assignment/Drivers/CMSIS/Include" -I"/Users/md.jahidulislam/STM32CubeIDE/workspace_2.1.0/Assignment/Drivers/CMSIS/Device/ST/STM32F4xx/Include" -x assembler-with-cpp -MMD -MP -MF"Startup/startup_stm32f446retx.d" -MT"Startup/startup_stm32f446retx.o" --specs=nano.specs -mfpu=fpv4-sp-d16 -mfloat-abi=hard -mthumb -o "Startup/startup_stm32f446retx.o" "../Startup/startup_stm32f446retx.s"
arm-none-eabi-gcc "../Src/main.c" -mcpu=cortex-m4 -std=gnu11 -g3 -DDEBUG -DSTM32 -DSTM32F4 -DSTM32F446RETx -c -I../Inc -I"/Users/md.jahidulislam/STM32CubeIDE/workspace_2.1.0/Assignment/Drivers/CMSIS/Include" -I"/Users/md.jahidulislam/STM32CubeIDE/workspace_2.1.0/Assignment/Drivers/CMSIS/Device/ST/STM32F4xx/Include" -O0 -ffunction-sections -fdata-sections -Wall -fstack-usage -fcyclomatic-complexity -MMD -MP -MF"Src/main.d" -MT"Src/main.o" --specs=nano.specs -mfpu=fpv4-sp-d16 -mfloat-abi=hard -mthumb -o "Src/main.o"
arm-none-eabi-gcc "../Src/syscalls.c" -mcpu=cortex-m4 -std=gnu11 -g3 -DDEBUG -DSTM32 -DSTM32F4 -DSTM32F446RETx -c -I../Inc -I"/Users/md.jahidulislam/STM32CubeIDE/workspace_2.1.0/Assignment/Drivers/CMSIS/Include" -I"/Users/md.jahidulislam/STM32CubeIDE/workspace_2.1.0/Assignment/Drivers/CMSIS/Device/ST/STM32F4xx/Include" -O0 -ffunction-sections -fdata-sections -Wall -fstack-usage -fcyclomatic-complexity -MMD -MP -MF"Src/syscalls.d" -MT"Src/syscalls.o" --specs=nano.specs -mfpu=fpv4-sp-d16 -mfloat-abi=hard -mthumb -o "Src/syscalls.o"
arm-none-eabi-gcc "../Src/sysmem.c" -mcpu=cortex-m4 -std=gnu11 -g3 -DDEBUG -DSTM32 -DSTM32F4 -DSTM32F446RETx -c -I../Inc -I"/Users/md.jahidulislam/STM32CubeIDE/workspace_2.1.0/Assignment/Drivers/CMSIS/Include" -I"/Users/md.jahidulislam/STM32CubeIDE/workspace_2.1.0/Assignment/Drivers/CMSIS/Device/ST/STM32F4xx/Include" -O0 -ffunction-sections -fdata-sections -Wall -fstack-usage -fcyclomatic-complexity -MMD -MP -MF"Src/sysmem.d" -MT"Src/sysmem.o" --specs=nano.specs -mfpu=fpv4-sp-d16 -mfloat-abi=hard -mthumb -o "Src/sysmem.o"
../Src/main.c:22:4: warning: #warning "FPU is not initialized, but the project is compiling for an FPU. Please initialize the FPU before use." [-Wcpp]
   22 |   #warning "FPU is not initialized, but the project is compiling for an FPU. Please initialize the FPU before use."
      |    ^~~~~~~
arm-none-eabi-gcc -o "Project 1 (No HAL).elf" @"objects.list"   -mcpu=cortex-m4 -T"/Users/md.jahidulislam/STM32CubeIDE/workspace_2.1.0/Assignment/STM32F446RETX_FLASH.ld" --specs=nosys.specs -Wl,-Map="Project 1 (No HAL).map" -Wl,--gc-sections -static --specs=nano.specs -mfpu=fpv4-sp-d16 -mfloat-abi=hard -mthumb -Wl,--start-group -lc -lm -Wl,--end-group
Finished building target: Project 1 (No HAL).elf
 
arm-none-eabi-size  Project\ 1\ (No\ HAL).elf 
arm-none-eabi-objdump -h -S Project\ 1\ (No\ HAL).elf  > "Project 1 (No HAL).list"
/bin/sh: -c: line 0: syntax error near unexpected token `('
/bin/sh: -c: line 0: `arm-none-eabi-size  Project\ 1\ (No\ HAL).elf '
/bin/sh: -c: line 0: syntax error near unexpected token `('
/bin/sh: -c: line 0: `arm-none-eabi-objdump -h -S Project\ 1\ (No\ HAL).elf  > "Project 1 (No HAL).list"'
make: *** [makefile:68: default.size.stdout] Error 2
make: *** Waiting for unfinished jobs....
make: *** [makefile:73: Project 1 (No HAL).list] Error 2
"make -j9 all" terminated with exit code 2. Build might be incomplete.

19:04:50 Build Failed. 3 errors, 1 warnings. (took 291ms)

