20:39:52 **** Build of configuration Debug for project Task_6_Extension_Servo ****
make -j9 all 
arm-none-eabi-gcc -mcpu=cortex-m4 -g3 -DDEBUG -c -I"/Users/md.jahidulislam/STM32CubeIDE/Assignment 2/Task_6_Extension_Servo/CMSIS/Include" -I"/Users/md.jahidulislam/STM32CubeIDE/Assignment 2/Task_6_Extension_Servo/CMSIS/Device/ST/STM32F4xx/Include" -x assembler-with-cpp -MMD -MP -MF"Startup/startup_stm32f446retx.d" -MT"Startup/startup_stm32f446retx.o" --specs=nano.specs -mfpu=fpv4-sp-d16 -mfloat-abi=hard -mthumb -o "Startup/startup_stm32f446retx.o" "../Startup/startup_stm32f446retx.s"
arm-none-eabi-gcc "../Src/main.c" -mcpu=cortex-m4 -std=gnu11 -g3 -DDEBUG -DSTM32 -DSTM32F4 -DSTM32F446RETx -c -I../Inc -I"/Users/md.jahidulislam/STM32CubeIDE/Assignment 2/Task_6_Extension_Servo/CMSIS/Include" -I"/Users/md.jahidulislam/STM32CubeIDE/Assignment 2/Task_6_Extension_Servo/CMSIS/Device/ST/STM32F4xx/Include" -O0 -ffunction-sections -fdata-sections -Wall -fstack-usage -fcyclomatic-complexity -MMD -MP -MF"Src/main.d" -MT"Src/main.o" --specs=nano.specs -mfpu=fpv4-sp-d16 -mfloat-abi=hard -mthumb -o "Src/main.o"
arm-none-eabi-gcc "../Src/syscalls.c" -mcpu=cortex-m4 -std=gnu11 -g3 -DDEBUG -DSTM32 -DSTM32F4 -DSTM32F446RETx -c -I../Inc -I"/Users/md.jahidulislam/STM32CubeIDE/Assignment 2/Task_6_Extension_Servo/CMSIS/Include" -I"/Users/md.jahidulislam/STM32CubeIDE/Assignment 2/Task_6_Extension_Servo/CMSIS/Device/ST/STM32F4xx/Include" -O0 -ffunction-sections -fdata-sections -Wall -fstack-usage -fcyclomatic-complexity -MMD -MP -MF"Src/syscalls.d" -MT"Src/syscalls.o" --specs=nano.specs -mfpu=fpv4-sp-d16 -mfloat-abi=hard -mthumb -o "Src/syscalls.o"
arm-none-eabi-gcc "../Src/sysmem.c" -mcpu=cortex-m4 -std=gnu11 -g3 -DDEBUG -DSTM32 -DSTM32F4 -DSTM32F446RETx -c -I../Inc -I"/Users/md.jahidulislam/STM32CubeIDE/Assignment 2/Task_6_Extension_Servo/CMSIS/Include" -I"/Users/md.jahidulislam/STM32CubeIDE/Assignment 2/Task_6_Extension_Servo/CMSIS/Device/ST/STM32F4xx/Include" -O0 -ffunction-sections -fdata-sections -Wall -fstack-usage -fcyclomatic-complexity -MMD -MP -MF"Src/sysmem.d" -MT"Src/sysmem.o" --specs=nano.specs -mfpu=fpv4-sp-d16 -mfloat-abi=hard -mthumb -o "Src/sysmem.o"
arm-none-eabi-gcc -o "Task_6_Extension_Servo.elf" @"objects.list"   -mcpu=cortex-m4 -T"/Users/md.jahidulislam/STM32CubeIDE/Assignment 2/Task_6_Extension_Servo/STM32F446RETX_FLASH.ld" --specs=nosys.specs -Wl,-Map="Task_6_Extension_Servo.map" -Wl,--gc-sections -static --specs=nano.specs -mfpu=fpv4-sp-d16 -mfloat-abi=hard -mthumb -Wl,--start-group -lc -lm -Wl,--end-group
Finished building target: Task_6_Extension_Servo.elf
 
arm-none-eabi-size  Task_6_Extension_Servo.elf 
arm-none-eabi-objdump -h -S Task_6_Extension_Servo.elf  > "Task_6_Extension_Servo.list"
   text	   data	    bss	    dec	    hex	filename
   5368	     80	   1904	   7352	   1cb8	Task_6_Extension_Servo.elf
Finished building: default.size.stdout
 
Finished building: Task_6_Extension_Servo.list
 

20:39:52 Build Finished. 0 errors, 0 warnings. (took 246ms)

