../Core/Src/main.c:65:13:USART2_SendString	16	static
../Core/Src/main.c:71:13:delay_us	16	static
../Core/Src/main.c:77:13:delay_ms	24	static
../Core/Src/main.c:83:13:PWM_SetDuty	24	static
../Core/Src/main.c:95:5:main	128	static
../Core/Src/main.c:167:6:SystemClock_Config	88	static
../Core/Src/main.c:207:13:MX_TIM3_Init	64	static
../Core/Src/main.c:247:13:MX_TIM6_Init	16	static
../Core/Src/main.c:267:13:MX_USART2_UART_Init	8	static
../Core/Src/main.c:283:13:MX_GPIO_Init	40	static
../Core/Src/main.c:303:6:Error_Handler	4	static,ignoring_inline_asm
