../Core/Src/main.c:152:13:delay_ms	16	static
../Core/Src/main.c:160:13:USART2_SendString	16	static
../Core/Src/main.c:172:5:__io_putchar	24	static
../Core/Src/main.c:182:16:SPI2_TxRx	32	static
../Core/Src/main.c:192:13:BMP280_WriteReg	16	static
../Core/Src/main.c:210:16:BMP280_ReadReg	24	static
../Core/Src/main.c:232:13:BMP280_BurstRead	32	static
../Core/Src/main.c:254:13:BMP280_ReadCalibration	32	static
../Core/Src/main.c:278:16:BMP280_Compensate_T	32	static
../Core/Src/main.c:294:17:BMP280_Compensate_P	328	static
../Core/Src/main.c:319:13:SampleAndCompensate	24	static
../Core/Src/main.c:342:16:BMP280_Init	16	static
../Core/Src/main.c:382:13:RunVerificationTests	136	static
../Core/Src/main.c:439:5:main	296	static,ignoring_inline_asm
../Core/Src/main.c:543:6:SystemClock_Config	88	static
../Core/Src/main.c:598:13:MX_SPI2_Init	8	static
../Core/Src/main.c:639:13:MX_TIM6_Init	16	static
../Core/Src/main.c:677:13:MX_USART2_UART_Init	8	static
../Core/Src/main.c:710:13:MX_GPIO_Init	48	static
../Core/Src/main.c:744:6:HAL_TIM_PeriodElapsedCallback	232	static
../Core/Src/main.c:786:6:Error_Handler	4	static,ignoring_inline_asm
