../Core/Src/main.c:152:13:delay_ms	1
../Core/Src/main.c:160:13:USART2_SendString	2
../Core/Src/main.c:172:5:__io_putchar	1
../Core/Src/main.c:182:16:SPI2_TxRx	1
../Core/Src/main.c:192:13:BMP280_WriteReg	2
../Core/Src/main.c:210:16:BMP280_ReadReg	2
../Core/Src/main.c:232:13:BMP280_BurstRead	3
../Core/Src/main.c:254:13:BMP280_ReadCalibration	1
../Core/Src/main.c:278:16:BMP280_Compensate_T	1
../Core/Src/main.c:294:17:BMP280_Compensate_P	2
../Core/Src/main.c:319:13:SampleAndCompensate	1
../Core/Src/main.c:342:16:BMP280_Init	6
../Core/Src/main.c:382:13:RunVerificationTests	11
../Core/Src/main.c:439:5:main	2
../Core/Src/main.c:543:6:SystemClock_Config	4
../Core/Src/main.c:598:13:MX_SPI2_Init	2
../Core/Src/main.c:639:13:MX_TIM6_Init	3
../Core/Src/main.c:677:13:MX_USART2_UART_Init	2
../Core/Src/main.c:710:13:MX_GPIO_Init	1
../Core/Src/main.c:744:6:HAL_TIM_PeriodElapsedCallback	4
../Core/Src/main.c:786:6:Error_Handler	1
