/Users/md.jahidulislam/STM32CubeIDE/Assignment 2/Task_6_Extension_Buzzer_Servo_or_Input Capture/CMSIS/Include/core_cm4.h:1684:22:__NVIC_EnableIRQ	16	static,ignoring_inline_asm
/Users/md.jahidulislam/STM32CubeIDE/Assignment 2/Task_6_Extension_Buzzer_Servo_or_Input Capture/CMSIS/Include/core_cm4.h:1814:22:__NVIC_SetPriority	16	static
../Src/main.c:25:6:SystemClock_Config	4	static
../Src/main.c:93:13:USART2_Init	4	static
../Src/main.c:121:13:USART2_SendString	16	static
../Src/main.c:146:13:TIM2_Init	8	static,ignoring_inline_asm
../Src/main.c:184:6:TIM2_IRQHandler	4	static
../Src/main.c:199:13:delay_ms	24	static
../Src/main.c:222:13:TIM4_PWM_Init	4	static,ignoring_inline_asm
../Src/main.c:263:13:TIM4_PlayNote	16	static
../Src/main.c:293:13:REST	16	static
../Src/main.c:368:5:main	128	static
