../Core/Src/main.c:67:13:USART2_SendString	16	static
../Core/Src/main.c:80:13:delay_us	16	static
../Core/Src/main.c:89:13:delay_ms	24	static
../Core/Src/main.c:98:13:delay_s	24	static
../Core/Src/main.c:108:13:delay_hms	24	static
../Core/Src/main.c:122:5:main	96	static
../Core/Src/main.c:213:6:SystemClock_Config	88	static
../Core/Src/main.c:268:13:MX_TIM6_Init	16	static
../Core/Src/main.c:306:13:MX_USART2_UART_Init	8	static
../Core/Src/main.c:339:13:MX_GPIO_Init	40	static
../Core/Src/main.c:373:6:Error_Handler	4	static,ignoring_inline_asm
